2018-02-28 15:56:17,095 INFO    : this is information
2018-02-28 15:56:17,096 WARNING : this is warning message
2018-02-28 15:56:17,096 ERROR   : this is error message
2018-02-28 15:56:17,096 CRITICAL: this is fatal message, it is same as logger.critical
2018-02-28 15:56:17,096 CRITICAL: this is critical message
